------------------------------------------------------------
Timing Analyzer Summary
------------------------------------------------------------

Type  : Slow 1100mV 85C Model Setup 'clk'
Slack : -4.983
TNS   : -294.528

Type  : Slow 1100mV 85C Model Hold 'clk'
Slack : 0.450
TNS   : 0.000

Type  : Slow 1100mV 85C Model Minimum Pulse Width 'clk'
Slack : -0.724
TNS   : -72.473

Type  : Slow 1100mV 0C Model Setup 'clk'
Slack : -4.799
TNS   : -283.591

Type  : Slow 1100mV 0C Model Hold 'clk'
Slack : 0.435
TNS   : 0.000

Type  : Slow 1100mV 0C Model Minimum Pulse Width 'clk'
Slack : -0.724
TNS   : -72.345

Type  : Fast 1100mV 85C Model Setup 'clk'
Slack : -1.457
TNS   : -77.385

Type  : Fast 1100mV 85C Model Hold 'clk'
Slack : 0.178
TNS   : 0.000

Type  : Fast 1100mV 85C Model Minimum Pulse Width 'clk'
Slack : -0.090
TNS   : -5.674

Type  : Fast 1100mV 0C Model Setup 'clk'
Slack : -1.232
TNS   : -65.085

Type  : Fast 1100mV 0C Model Hold 'clk'
Slack : 0.167
TNS   : 0.000

Type  : Fast 1100mV 0C Model Minimum Pulse Width 'clk'
Slack : -0.090
TNS   : -5.700

------------------------------------------------------------
